C:\Users\lucas\source\repos\projeto-final\Views\TelaListaPessoa.xaml.cs(12,15): warning CS0108: "TelaListaPessoa.IsBusy" oculta o membro herdado "Page.IsBusy". Use a nova palavra-chave se foi pretendido ocultar. [C:\Users\lucas\source\repos\projeto-final\appClassePessoaBD.csproj::TargetFramework=net8.0-windows10.0.19041.0]
C:\Users\lucas\source\repos\projeto-final\Views\TelaAlterarPessoa.xaml.cs(16,36): warning CS8600: Conversão de literal nula ou possível valor nulo em tipo não anulável. [C:\Users\lucas\source\repos\projeto-final\appClassePessoaBD.csproj::TargetFramework=net8.0-windows10.0.19041.0]
C:\Users\lucas\source\repos\projeto-final\Views\TelaAlterarPessoa.xaml.cs(57,25): warning CS8602: Desreferência de uma referência possivelmente nula. [C:\Users\lucas\source\repos\projeto-final\appClassePessoaBD.csproj::TargetFramework=net8.0-windows10.0.19041.0]
C:\Users\lucas\source\repos\projeto-final\Views\TelaListaPessoa.xaml.cs(64,41): warning CS8600: Conversão de literal nula ou possível valor nulo em tipo não anulável. [C:\Users\lucas\source\repos\projeto-final\appClassePessoaBD.csproj::TargetFramework=net8.0-windows10.0.19041.0]
C:\Users\lucas\source\repos\projeto-final\Views\TelaListaPessoa.xaml.cs(65,41): warning CS8602: Desreferência de uma referência possivelmente nula. [C:\Users\lucas\source\repos\projeto-final\appClassePessoaBD.csproj::TargetFramework=net8.0-windows10.0.19041.0]
C:\Users\lucas\source\repos\projeto-final\Views\TelaListaPessoa.xaml.cs(65,41): warning CS8600: Conversão de literal nula ou possível valor nulo em tipo não anulável. [C:\Users\lucas\source\repos\projeto-final\appClassePessoaBD.csproj::TargetFramework=net8.0-windows10.0.19041.0]
C:\Users\lucas\source\repos\projeto-final\Views\TelaListaPessoa.xaml.cs(68,29): warning CS8602: Desreferência de uma referência possivelmente nula. [C:\Users\lucas\source\repos\projeto-final\appClassePessoaBD.csproj::TargetFramework=net8.0-windows10.0.19041.0]
C:\Users\lucas\source\repos\projeto-final\Views\TelaListaPessoa.xaml.cs(109,31): warning CS8600: Conversão de literal nula ou possível valor nulo em tipo não anulável. [C:\Users\lucas\source\repos\projeto-final\appClassePessoaBD.csproj::TargetFramework=net8.0-windows10.0.19041.0]
C:\Users\lucas\source\repos\projeto-final\Views\TelaListaPessoa.xaml.cs(12,15): warning CS0108: "TelaListaPessoa.IsBusy" oculta o membro herdado "Page.IsBusy". Use a nova palavra-chave se foi pretendido ocultar. [C:\Users\lucas\source\repos\projeto-final\appClassePessoaBD.csproj::TargetFramework=net8.0-windows10.0.19041.0]
C:\Users\lucas\source\repos\projeto-final\Views\TelaListaPessoa.xaml.cs(64,41): warning CS8600: Conversão de literal nula ou possível valor nulo em tipo não anulável. [C:\Users\lucas\source\repos\projeto-final\appClassePessoaBD.csproj::TargetFramework=net8.0-windows10.0.19041.0]
C:\Users\lucas\source\repos\projeto-final\Views\TelaListaPessoa.xaml.cs(65,41): warning CS8602: Desreferência de uma referência possivelmente nula. [C:\Users\lucas\source\repos\projeto-final\appClassePessoaBD.csproj::TargetFramework=net8.0-windows10.0.19041.0]
C:\Users\lucas\source\repos\projeto-final\Views\TelaListaPessoa.xaml.cs(65,41): warning CS8600: Conversão de literal nula ou possível valor nulo em tipo não anulável. [C:\Users\lucas\source\repos\projeto-final\appClassePessoaBD.csproj::TargetFramework=net8.0-windows10.0.19041.0]
C:\Users\lucas\source\repos\projeto-final\Views\TelaListaPessoa.xaml.cs(68,29): warning CS8602: Desreferência de uma referência possivelmente nula. [C:\Users\lucas\source\repos\projeto-final\appClassePessoaBD.csproj::TargetFramework=net8.0-windows10.0.19041.0]
C:\Users\lucas\source\repos\projeto-final\Views\TelaAlterarPessoa.xaml.cs(16,36): warning CS8600: Conversão de literal nula ou possível valor nulo em tipo não anulável. [C:\Users\lucas\source\repos\projeto-final\appClassePessoaBD.csproj::TargetFramework=net8.0-windows10.0.19041.0]
C:\Users\lucas\source\repos\projeto-final\Views\TelaAlterarPessoa.xaml.cs(57,25): warning CS8602: Desreferência de uma referência possivelmente nula. [C:\Users\lucas\source\repos\projeto-final\appClassePessoaBD.csproj::TargetFramework=net8.0-windows10.0.19041.0]
C:\Users\lucas\source\repos\projeto-final\Views\TelaListaPessoa.xaml.cs(109,31): warning CS8600: Conversão de literal nula ou possível valor nulo em tipo não anulável. [C:\Users\lucas\source\repos\projeto-final\appClassePessoaBD.csproj::TargetFramework=net8.0-windows10.0.19041.0]
Views\TelaAlterarPessoa.xaml(15,89): XamlC XC0022 warning : Binding could be compiled if x:DataType is specified. [C:\Users\lucas\source\repos\projeto-final\appClassePessoaBD.csproj::TargetFramework=net8.0-windows10.0.19041.0]
Views\TelaAlterarPessoa.xaml(19,91): XamlC XC0022 warning : Binding could be compiled if x:DataType is specified. [C:\Users\lucas\source\repos\projeto-final\appClassePessoaBD.csproj::TargetFramework=net8.0-windows10.0.19041.0]
Views\TelaListaPessoa.xaml(34,69): XamlC XC0022 warning : Binding could be compiled if x:DataType is specified. [C:\Users\lucas\source\repos\projeto-final\appClassePessoaBD.csproj::TargetFramework=net8.0-windows10.0.19041.0]
Views\TelaListaPessoa.xaml(35,69): XamlC XC0022 warning : Binding could be compiled if x:DataType is specified. [C:\Users\lucas\source\repos\projeto-final\appClassePessoaBD.csproj::TargetFramework=net8.0-windows10.0.19041.0]
Views\TelaListaPessoa.xaml(36,69): XamlC XC0022 warning : Binding could be compiled if x:DataType is specified. [C:\Users\lucas\source\repos\projeto-final\appClassePessoaBD.csproj::TargetFramework=net8.0-windows10.0.19041.0]
