  Determinando os projetos a serem restaurados...
  C:\Users\lucas\source\repos\projeto-final\appClassePessoaBD.csproj restaurado (em 644 ms).
C:\Users\lucas\source\repos\projeto-final\App.xaml.cs(64,35): warning CS8765: A nulidade do tipo de parâmetro 'activationState' não corresponde ao membro substituído (possivelmente devido a atributos de nulidade). [C:\Users\lucas\source\repos\projeto-final\appClassePessoaBD.csproj::TargetFramework=net8.0-windows10.0.19041.0]
C:\Users\lucas\source\repos\projeto-final\ViewModels\AlterarPessoaViewModel.cs(35,16): warning CS8618: O campo não anulável '_pessoaOriginal' precisa conter um valor não nulo ao sair do construtor. Considere adicionar o modificador "obrigatório" ou declarar o campo como anulável. [C:\Users\lucas\source\repos\projeto-final\appClassePessoaBD.csproj::TargetFramework=net8.0-windows10.0.19041.0]
C:\Users\lucas\source\repos\projeto-final\ViewModels\AlterarPessoaViewModel.cs(93,23): warning CS8602: Desreferência de uma referência possivelmente nula. [C:\Users\lucas\source\repos\projeto-final\appClassePessoaBD.csproj::TargetFramework=net8.0-windows10.0.19041.0]
C:\Users\lucas\source\repos\projeto-final\ViewModels\AlterarPessoaViewModel.cs(93,23): warning CS8602: Desreferência de uma referência possivelmente nula. [C:\Users\lucas\source\repos\projeto-final\appClassePessoaBD.csproj::TargetFramework=net8.0-windows10.0.19041.0]
C:\Users\lucas\source\repos\projeto-final\Views\TelaListaPessoa.xaml.cs(56,62): warning CS8604: Possível argumento de referência nula para o parâmetro 'pessoa' em 'TelaAlterarPessoa.TelaAlterarPessoa(Pessoa pessoa)'. [C:\Users\lucas\source\repos\projeto-final\appClassePessoaBD.csproj::TargetFramework=net8.0-windows10.0.19041.0]
C:\Users\lucas\source\repos\projeto-final\ViewModels\ConfiguracoesViewModel.cs(68,23): warning CS8602: Desreferência de uma referência possivelmente nula. [C:\Users\lucas\source\repos\projeto-final\appClassePessoaBD.csproj::TargetFramework=net8.0-windows10.0.19041.0]
C:\Users\lucas\source\repos\projeto-final\ViewModels\ConfiguracoesViewModel.cs(68,23): warning CS8602: Desreferência de uma referência possivelmente nula. [C:\Users\lucas\source\repos\projeto-final\appClassePessoaBD.csproj::TargetFramework=net8.0-windows10.0.19041.0]
C:\Users\lucas\source\repos\projeto-final\ViewModels\IncluirPessoaViewModel.cs(84,23): warning CS8602: Desreferência de uma referência possivelmente nula. [C:\Users\lucas\source\repos\projeto-final\appClassePessoaBD.csproj::TargetFramework=net8.0-windows10.0.19041.0]
C:\Users\lucas\source\repos\projeto-final\ViewModels\IncluirPessoaViewModel.cs(84,23): warning CS8602: Desreferência de uma referência possivelmente nula. [C:\Users\lucas\source\repos\projeto-final\appClassePessoaBD.csproj::TargetFramework=net8.0-windows10.0.19041.0]
C:\Users\lucas\source\repos\projeto-final\ViewModels\ConfiguracoesViewModel.cs(83,40): warning CS8602: Desreferência de uma referência possivelmente nula. [C:\Users\lucas\source\repos\projeto-final\appClassePessoaBD.csproj::TargetFramework=net8.0-windows10.0.19041.0]
C:\Users\lucas\source\repos\projeto-final\ViewModels\ConfiguracoesViewModel.cs(83,40): warning CS8602: Desreferência de uma referência possivelmente nula. [C:\Users\lucas\source\repos\projeto-final\appClassePessoaBD.csproj::TargetFramework=net8.0-windows10.0.19041.0]
C:\Users\lucas\source\repos\projeto-final\App.xaml.cs(64,35): warning CS8765: A nulidade do tipo de parâmetro 'activationState' não corresponde ao membro substituído (possivelmente devido a atributos de nulidade). [C:\Users\lucas\source\repos\projeto-final\appClassePessoaBD.csproj::TargetFramework=net8.0-windows10.0.19041.0]
C:\Users\lucas\source\repos\projeto-final\ViewModels\AlterarPessoaViewModel.cs(35,16): warning CS8618: O campo não anulável '_pessoaOriginal' precisa conter um valor não nulo ao sair do construtor. Considere adicionar o modificador "obrigatório" ou declarar o campo como anulável. [C:\Users\lucas\source\repos\projeto-final\appClassePessoaBD.csproj::TargetFramework=net8.0-windows10.0.19041.0]
C:\Users\lucas\source\repos\projeto-final\Views\TelaListaPessoa.xaml.cs(56,62): warning CS8604: Possível argumento de referência nula para o parâmetro 'pessoa' em 'TelaAlterarPessoa.TelaAlterarPessoa(Pessoa pessoa)'. [C:\Users\lucas\source\repos\projeto-final\appClassePessoaBD.csproj::TargetFramework=net8.0-windows10.0.19041.0]
C:\Users\lucas\source\repos\projeto-final\ViewModels\AlterarPessoaViewModel.cs(93,23): warning CS8602: Desreferência de uma referência possivelmente nula. [C:\Users\lucas\source\repos\projeto-final\appClassePessoaBD.csproj::TargetFramework=net8.0-windows10.0.19041.0]
C:\Users\lucas\source\repos\projeto-final\ViewModels\AlterarPessoaViewModel.cs(93,23): warning CS8602: Desreferência de uma referência possivelmente nula. [C:\Users\lucas\source\repos\projeto-final\appClassePessoaBD.csproj::TargetFramework=net8.0-windows10.0.19041.0]
C:\Users\lucas\source\repos\projeto-final\ViewModels\ConfiguracoesViewModel.cs(68,23): warning CS8602: Desreferência de uma referência possivelmente nula. [C:\Users\lucas\source\repos\projeto-final\appClassePessoaBD.csproj::TargetFramework=net8.0-windows10.0.19041.0]
C:\Users\lucas\source\repos\projeto-final\ViewModels\ConfiguracoesViewModel.cs(68,23): warning CS8602: Desreferência de uma referência possivelmente nula. [C:\Users\lucas\source\repos\projeto-final\appClassePessoaBD.csproj::TargetFramework=net8.0-windows10.0.19041.0]
C:\Users\lucas\source\repos\projeto-final\ViewModels\IncluirPessoaViewModel.cs(84,23): warning CS8602: Desreferência de uma referência possivelmente nula. [C:\Users\lucas\source\repos\projeto-final\appClassePessoaBD.csproj::TargetFramework=net8.0-windows10.0.19041.0]
C:\Users\lucas\source\repos\projeto-final\ViewModels\IncluirPessoaViewModel.cs(84,23): warning CS8602: Desreferência de uma referência possivelmente nula. [C:\Users\lucas\source\repos\projeto-final\appClassePessoaBD.csproj::TargetFramework=net8.0-windows10.0.19041.0]
C:\Users\lucas\source\repos\projeto-final\ViewModels\ConfiguracoesViewModel.cs(83,40): warning CS8602: Desreferência de uma referência possivelmente nula. [C:\Users\lucas\source\repos\projeto-final\appClassePessoaBD.csproj::TargetFramework=net8.0-windows10.0.19041.0]
C:\Users\lucas\source\repos\projeto-final\ViewModels\ConfiguracoesViewModel.cs(83,40): warning CS8602: Desreferência de uma referência possivelmente nula. [C:\Users\lucas\source\repos\projeto-final\appClassePessoaBD.csproj::TargetFramework=net8.0-windows10.0.19041.0]
  appClassePessoaBD -> C:\Users\lucas\source\repos\projeto-final\bin\Release\net8.0-windows10.0.19041.0\win10-x64\appClassePessoaBD.dll

Compilação com êxito.

C:\Users\lucas\source\repos\projeto-final\App.xaml.cs(64,35): warning CS8765: A nulidade do tipo de parâmetro 'activationState' não corresponde ao membro substituído (possivelmente devido a atributos de nulidade). [C:\Users\lucas\source\repos\projeto-final\appClassePessoaBD.csproj::TargetFramework=net8.0-windows10.0.19041.0]
C:\Users\lucas\source\repos\projeto-final\ViewModels\AlterarPessoaViewModel.cs(35,16): warning CS8618: O campo não anulável '_pessoaOriginal' precisa conter um valor não nulo ao sair do construtor. Considere adicionar o modificador "obrigatório" ou declarar o campo como anulável. [C:\Users\lucas\source\repos\projeto-final\appClassePessoaBD.csproj::TargetFramework=net8.0-windows10.0.19041.0]
C:\Users\lucas\source\repos\projeto-final\ViewModels\AlterarPessoaViewModel.cs(93,23): warning CS8602: Desreferência de uma referência possivelmente nula. [C:\Users\lucas\source\repos\projeto-final\appClassePessoaBD.csproj::TargetFramework=net8.0-windows10.0.19041.0]
C:\Users\lucas\source\repos\projeto-final\ViewModels\AlterarPessoaViewModel.cs(93,23): warning CS8602: Desreferência de uma referência possivelmente nula. [C:\Users\lucas\source\repos\projeto-final\appClassePessoaBD.csproj::TargetFramework=net8.0-windows10.0.19041.0]
C:\Users\lucas\source\repos\projeto-final\Views\TelaListaPessoa.xaml.cs(56,62): warning CS8604: Possível argumento de referência nula para o parâmetro 'pessoa' em 'TelaAlterarPessoa.TelaAlterarPessoa(Pessoa pessoa)'. [C:\Users\lucas\source\repos\projeto-final\appClassePessoaBD.csproj::TargetFramework=net8.0-windows10.0.19041.0]
C:\Users\lucas\source\repos\projeto-final\ViewModels\ConfiguracoesViewModel.cs(68,23): warning CS8602: Desreferência de uma referência possivelmente nula. [C:\Users\lucas\source\repos\projeto-final\appClassePessoaBD.csproj::TargetFramework=net8.0-windows10.0.19041.0]
C:\Users\lucas\source\repos\projeto-final\ViewModels\ConfiguracoesViewModel.cs(68,23): warning CS8602: Desreferência de uma referência possivelmente nula. [C:\Users\lucas\source\repos\projeto-final\appClassePessoaBD.csproj::TargetFramework=net8.0-windows10.0.19041.0]
C:\Users\lucas\source\repos\projeto-final\ViewModels\IncluirPessoaViewModel.cs(84,23): warning CS8602: Desreferência de uma referência possivelmente nula. [C:\Users\lucas\source\repos\projeto-final\appClassePessoaBD.csproj::TargetFramework=net8.0-windows10.0.19041.0]
C:\Users\lucas\source\repos\projeto-final\ViewModels\IncluirPessoaViewModel.cs(84,23): warning CS8602: Desreferência de uma referência possivelmente nula. [C:\Users\lucas\source\repos\projeto-final\appClassePessoaBD.csproj::TargetFramework=net8.0-windows10.0.19041.0]
C:\Users\lucas\source\repos\projeto-final\ViewModels\ConfiguracoesViewModel.cs(83,40): warning CS8602: Desreferência de uma referência possivelmente nula. [C:\Users\lucas\source\repos\projeto-final\appClassePessoaBD.csproj::TargetFramework=net8.0-windows10.0.19041.0]
C:\Users\lucas\source\repos\projeto-final\ViewModels\ConfiguracoesViewModel.cs(83,40): warning CS8602: Desreferência de uma referência possivelmente nula. [C:\Users\lucas\source\repos\projeto-final\appClassePessoaBD.csproj::TargetFramework=net8.0-windows10.0.19041.0]
C:\Users\lucas\source\repos\projeto-final\App.xaml.cs(64,35): warning CS8765: A nulidade do tipo de parâmetro 'activationState' não corresponde ao membro substituído (possivelmente devido a atributos de nulidade). [C:\Users\lucas\source\repos\projeto-final\appClassePessoaBD.csproj::TargetFramework=net8.0-windows10.0.19041.0]
C:\Users\lucas\source\repos\projeto-final\ViewModels\AlterarPessoaViewModel.cs(35,16): warning CS8618: O campo não anulável '_pessoaOriginal' precisa conter um valor não nulo ao sair do construtor. Considere adicionar o modificador "obrigatório" ou declarar o campo como anulável. [C:\Users\lucas\source\repos\projeto-final\appClassePessoaBD.csproj::TargetFramework=net8.0-windows10.0.19041.0]
C:\Users\lucas\source\repos\projeto-final\Views\TelaListaPessoa.xaml.cs(56,62): warning CS8604: Possível argumento de referência nula para o parâmetro 'pessoa' em 'TelaAlterarPessoa.TelaAlterarPessoa(Pessoa pessoa)'. [C:\Users\lucas\source\repos\projeto-final\appClassePessoaBD.csproj::TargetFramework=net8.0-windows10.0.19041.0]
C:\Users\lucas\source\repos\projeto-final\ViewModels\AlterarPessoaViewModel.cs(93,23): warning CS8602: Desreferência de uma referência possivelmente nula. [C:\Users\lucas\source\repos\projeto-final\appClassePessoaBD.csproj::TargetFramework=net8.0-windows10.0.19041.0]
C:\Users\lucas\source\repos\projeto-final\ViewModels\AlterarPessoaViewModel.cs(93,23): warning CS8602: Desreferência de uma referência possivelmente nula. [C:\Users\lucas\source\repos\projeto-final\appClassePessoaBD.csproj::TargetFramework=net8.0-windows10.0.19041.0]
C:\Users\lucas\source\repos\projeto-final\ViewModels\ConfiguracoesViewModel.cs(68,23): warning CS8602: Desreferência de uma referência possivelmente nula. [C:\Users\lucas\source\repos\projeto-final\appClassePessoaBD.csproj::TargetFramework=net8.0-windows10.0.19041.0]
C:\Users\lucas\source\repos\projeto-final\ViewModels\ConfiguracoesViewModel.cs(68,23): warning CS8602: Desreferência de uma referência possivelmente nula. [C:\Users\lucas\source\repos\projeto-final\appClassePessoaBD.csproj::TargetFramework=net8.0-windows10.0.19041.0]
C:\Users\lucas\source\repos\projeto-final\ViewModels\IncluirPessoaViewModel.cs(84,23): warning CS8602: Desreferência de uma referência possivelmente nula. [C:\Users\lucas\source\repos\projeto-final\appClassePessoaBD.csproj::TargetFramework=net8.0-windows10.0.19041.0]
C:\Users\lucas\source\repos\projeto-final\ViewModels\IncluirPessoaViewModel.cs(84,23): warning CS8602: Desreferência de uma referência possivelmente nula. [C:\Users\lucas\source\repos\projeto-final\appClassePessoaBD.csproj::TargetFramework=net8.0-windows10.0.19041.0]
C:\Users\lucas\source\repos\projeto-final\ViewModels\ConfiguracoesViewModel.cs(83,40): warning CS8602: Desreferência de uma referência possivelmente nula. [C:\Users\lucas\source\repos\projeto-final\appClassePessoaBD.csproj::TargetFramework=net8.0-windows10.0.19041.0]
C:\Users\lucas\source\repos\projeto-final\ViewModels\ConfiguracoesViewModel.cs(83,40): warning CS8602: Desreferência de uma referência possivelmente nula. [C:\Users\lucas\source\repos\projeto-final\appClassePessoaBD.csproj::TargetFramework=net8.0-windows10.0.19041.0]
    22 Aviso(s)
    0 Erro(s)

Tempo Decorrido 00:00:17.42
